Archive member included to satisfy reference by file (symbol)

D:/STM32CubeIDE_1.14.1/STM32CubeIDE/plugins/com.st.stm32cube.ide.mcu.externaltools.gnu-tools-for-stm32.11.3.rel1.win32_1.1.100.202309141235/tools/bin/../lib/gcc/arm-none-eabi/11.3.1/../../../../arm-none-eabi/lib/thumb/v6-m/nofp\libc_nano.a(libc_a-exit.o)
                              D:/STM32CubeIDE_1.14.1/STM32CubeIDE/plugins/com.st.stm32cube.ide.mcu.externaltools.gnu-tools-for-stm32.11.3.rel1.win32_1.1.100.202309141235/tools/bin/../lib/gcc/arm-none-eabi/11.3.1/../../../../arm-none-eabi/lib/thumb/v6-m/nofp/crt0.o (exit)
D:/STM32CubeIDE_1.14.1/STM32CubeIDE/plugins/com.st.stm32cube.ide.mcu.externaltools.gnu-tools-for-stm32.11.3.rel1.win32_1.1.100.202309141235/tools/bin/../lib/gcc/arm-none-eabi/11.3.1/../../../../arm-none-eabi/lib/thumb/v6-m/nofp\libc_nano.a(libc_a-findfp.o)
                              D:/STM32CubeIDE_1.14.1/STM32CubeIDE/plugins/com.st.stm32cube.ide.mcu.externaltools.gnu-tools-for-stm32.11.3.rel1.win32_1.1.100.202309141235/tools/bin/../lib/gcc/arm-none-eabi/11.3.1/../../../../arm-none-eabi/lib/thumb/v6-m/nofp\libc_nano.a(libc_a-exit.o) (__stdio_exit_handler)
D:/STM32CubeIDE_1.14.1/STM32CubeIDE/plugins/com.st.stm32cube.ide.mcu.externaltools.gnu-tools-for-stm32.11.3.rel1.win32_1.1.100.202309141235/tools/bin/../lib/gcc/arm-none-eabi/11.3.1/../../../../arm-none-eabi/lib/thumb/v6-m/nofp\libc_nano.a(libc_a-fwalk.o)
                              D:/STM32CubeIDE_1.14.1/STM32CubeIDE/plugins/com.st.stm32cube.ide.mcu.externaltools.gnu-tools-for-stm32.11.3.rel1.win32_1.1.100.202309141235/tools/bin/../lib/gcc/arm-none-eabi/11.3.1/../../../../arm-none-eabi/lib/thumb/v6-m/nofp\libc_nano.a(libc_a-findfp.o) (_fwalk_sglue)
D:/STM32CubeIDE_1.14.1/STM32CubeIDE/plugins/com.st.stm32cube.ide.mcu.externaltools.gnu-tools-for-stm32.11.3.rel1.win32_1.1.100.202309141235/tools/bin/../lib/gcc/arm-none-eabi/11.3.1/../../../../arm-none-eabi/lib/thumb/v6-m/nofp\libc_nano.a(libc_a-stdio.o)
                              D:/STM32CubeIDE_1.14.1/STM32CubeIDE/plugins/com.st.stm32cube.ide.mcu.externaltools.gnu-tools-for-stm32.11.3.rel1.win32_1.1.100.202309141235/tools/bin/../lib/gcc/arm-none-eabi/11.3.1/../../../../arm-none-eabi/lib/thumb/v6-m/nofp\libc_nano.a(libc_a-findfp.o) (__sread)
D:/STM32CubeIDE_1.14.1/STM32CubeIDE/plugins/com.st.stm32cube.ide.mcu.externaltools.gnu-tools-for-stm32.11.3.rel1.win32_1.1.100.202309141235/tools/bin/../lib/gcc/arm-none-eabi/11.3.1/../../../../arm-none-eabi/lib/thumb/v6-m/nofp\libc_nano.a(libc_a-memset.o)
                              D:/STM32CubeIDE_1.14.1/STM32CubeIDE/plugins/com.st.stm32cube.ide.mcu.externaltools.gnu-tools-for-stm32.11.3.rel1.win32_1.1.100.202309141235/tools/bin/../lib/gcc/arm-none-eabi/11.3.1/../../../../arm-none-eabi/lib/thumb/v6-m/nofp/crt0.o (memset)
D:/STM32CubeIDE_1.14.1/STM32CubeIDE/plugins/com.st.stm32cube.ide.mcu.externaltools.gnu-tools-for-stm32.11.3.rel1.win32_1.1.100.202309141235/tools/bin/../lib/gcc/arm-none-eabi/11.3.1/../../../../arm-none-eabi/lib/thumb/v6-m/nofp\libc_nano.a(libc_a-closer.o)
                              D:/STM32CubeIDE_1.14.1/STM32CubeIDE/plugins/com.st.stm32cube.ide.mcu.externaltools.gnu-tools-for-stm32.11.3.rel1.win32_1.1.100.202309141235/tools/bin/../lib/gcc/arm-none-eabi/11.3.1/../../../../arm-none-eabi/lib/thumb/v6-m/nofp\libc_nano.a(libc_a-stdio.o) (_close_r)
D:/STM32CubeIDE_1.14.1/STM32CubeIDE/plugins/com.st.stm32cube.ide.mcu.externaltools.gnu-tools-for-stm32.11.3.rel1.win32_1.1.100.202309141235/tools/bin/../lib/gcc/arm-none-eabi/11.3.1/../../../../arm-none-eabi/lib/thumb/v6-m/nofp\libc_nano.a(libc_a-reent.o)
                              D:/STM32CubeIDE_1.14.1/STM32CubeIDE/plugins/com.st.stm32cube.ide.mcu.externaltools.gnu-tools-for-stm32.11.3.rel1.win32_1.1.100.202309141235/tools/bin/../lib/gcc/arm-none-eabi/11.3.1/../../../../arm-none-eabi/lib/thumb/v6-m/nofp\libc_nano.a(libc_a-closer.o) (errno)
D:/STM32CubeIDE_1.14.1/STM32CubeIDE/plugins/com.st.stm32cube.ide.mcu.externaltools.gnu-tools-for-stm32.11.3.rel1.win32_1.1.100.202309141235/tools/bin/../lib/gcc/arm-none-eabi/11.3.1/../../../../arm-none-eabi/lib/thumb/v6-m/nofp\libc_nano.a(libc_a-impure.o)
                              D:/STM32CubeIDE_1.14.1/STM32CubeIDE/plugins/com.st.stm32cube.ide.mcu.externaltools.gnu-tools-for-stm32.11.3.rel1.win32_1.1.100.202309141235/tools/bin/../lib/gcc/arm-none-eabi/11.3.1/../../../../arm-none-eabi/lib/thumb/v6-m/nofp\libc_nano.a(libc_a-reent.o) (_impure_ptr)
D:/STM32CubeIDE_1.14.1/STM32CubeIDE/plugins/com.st.stm32cube.ide.mcu.externaltools.gnu-tools-for-stm32.11.3.rel1.win32_1.1.100.202309141235/tools/bin/../lib/gcc/arm-none-eabi/11.3.1/../../../../arm-none-eabi/lib/thumb/v6-m/nofp\libc_nano.a(libc_a-lseekr.o)
[...]
Memory Configuration

Name             Origin             Length             Attributes
RAM              0x0000000020000000 0x0000000000002000 xrw
FLASH            0x0000000008000000 0x0000000000010000 xr
*default*        0x0000000000000000 0xffffffffffffffff

Linker script and memory map

LOAD D:/STM32CubeIDE_1.14.1/STM32CubeIDE/plugins/com.st.stm32cube.ide.mcu.externaltools.gnu-tools-for-stm32.11.3.rel1.win32_1.1.100.202309141235/tools/bin/../lib/gcc/arm-none-eabi/11.3.1/thumb/v6-m/nofp/crti.o
LOAD D:/STM32CubeIDE_1.14.1/STM32CubeIDE/plugins/com.st.stm32cube.ide.mcu.externaltools.gnu-tools-for-stm32.11.3.rel1.win32_1.1.100.202309141235/tools/bin/../lib/gcc/arm-none-eabi/11.3.1/thumb/v6-m/nofp/crtbegin.o
LOAD D:/STM32CubeIDE_1.14.1/STM32CubeIDE/plugins/com.st.stm32cube.ide.mcu.externaltools.gnu-tools-for-stm32.11.3.rel1.win32_1.1.100.202309141235/tools/bin/../lib/gcc/arm-none-eabi/11.3.1/../../../../arm-none-eabi/lib/thumb/v6-m/nofp/crt0.o
LOAD ./Core/Src/button.o
LOAD ./Core/Src/buzzer.o
LOAD ./Core/Src/gpio.o
LOAD ./Core/Src/led_rgb.o
LOAD ./Core/Src/line_sensor.o
LOAD ./Core/Src/main.o
LOAD ./Core/Src/motor.o
LOAD ./Core/Src/stm32l0xx_it.o
LOAD ./Core/Src/syscalls.o
LOAD ./Core/Src/sysmem.o
LOAD ./Core/Src/system_stm32l0xx.o
LOAD ./Core/Src/timer.o
LOAD ./Core/Src/ultrasonic.o
LOAD ./Core/Src/usart.o
LOAD ./Core/Startup/startup_stm32l053r8tx.o
LOAD ./Drivers/STM32L0xx_HAL_Driver/Src/stm32l0xx_ll_dma.o
LOAD ./Drivers/STM32L0xx_HAL_Driver/Src/stm32l0xx_ll_exti.o
LOAD ./Drivers/STM32L0xx_HAL_Driver/Src/stm32l0xx_ll_gpio.o
LOAD ./Drivers/STM32L0xx_HAL_Driver/Src/stm32l0xx_ll_pwr.o
LOAD ./Drivers/STM32L0xx_HAL_Driver/Src/stm32l0xx_ll_rcc.o
LOAD ./Drivers/STM32L0xx_HAL_Driver/Src/stm32l0xx_ll_usart.o
LOAD ./Drivers/STM32L0xx_HAL_Driver/Src/stm32l0xx_ll_utils.o
START GROUP
LOAD D:/STM32CubeIDE_1.14.1/STM32CubeIDE/plugins/com.st.stm32cube.ide.mcu.externaltools.gnu-tools-for-stm32.11.3.rel1.win32_1.1.100.202309141235/tools/bin/../lib/gcc/arm-none-eabi/11.3.1/../../../../arm-none-eabi/lib/thumb/v6-m/nofp\libc_nano.a
LOAD D:/STM32CubeIDE_1.14.1/STM32CubeIDE/plugins/com.st.stm32cube.ide.mcu.externaltools.gnu-tools-for-stm32.11.3.rel1.win32_1.1.100.202309141235/tools/bin/../lib/gcc/arm-none-eabi/11.3.1/../../../../arm-none-eabi/lib/thumb/v6-m/nofp\libm.a
END GROUP
START GROUP
LOAD D:/STM32CubeIDE_1.14.1/STM32CubeIDE/plugins/com.st.stm32cube.ide.mcu.externaltools.gnu-tools-for-stm32.11.3.rel1.win32_1.1.100.202309141235/tools/bin/../lib/gcc/arm-none-eabi/11.3.1/thumb/v6-m/nofp\libgcc.a
LOAD D:/STM32CubeIDE_1.14.1/STM32CubeIDE/plugins/com.st.stm32cube.ide.mcu.externaltools.gnu-tools-for-stm32.11.3.rel1.win32_1.1.100.202309141235/tools/bin/../lib/gcc/arm-none-eabi/11.3.1/../../../../arm-none-eabi/lib/thumb/v6-m/nofp\libc_nano.a
END GROUP
START GROUP
LOAD D:/STM32CubeIDE_1.14.1/STM32CubeIDE/plugins/com.st.stm32cube.ide.mcu.externaltools.gnu-tools-for-stm32.11.3.rel1.win32_1.1.100.202309141235/tools/bin/../lib/gcc/arm-none-eabi/11.3.1/thumb/v6-m/nofp\libgcc.a
LOAD D:/STM32CubeIDE_1.14.1/STM32CubeIDE/plugins/com.st.stm32cube.ide.mcu.externaltools.gnu-tools-for-stm32.11.3.rel1.win32_1.1.100.202309141235/tools/bin/../lib/gcc/arm-none-eabi/11.3.1/../../../../arm-none-eabi/lib/thumb/v6-m/nofp\libc_nano.a
LOAD D:/STM32CubeIDE_1.14.1/STM32CubeIDE/plugins/com.st.stm32cube.ide.mcu.externaltools.gnu-tools-for-stm32.11.3.rel1.win32_1.1.100.202309141235/tools/bin/../lib/gcc/arm-none-eabi/11.3.1/../../../../arm-none-eabi/lib/thumb/v6-m/nofp\libnosys.a
END GROUP
START GROUP
LOAD D:/STM32CubeIDE_1.14.1/STM32CubeIDE/plugins/com.st.stm32cube.ide.mcu.externaltools.gnu-tools-for-stm32.11.3.rel1.win32_1.1.100.202309141235/tools/bin/../lib/gcc/arm-none-eabi/11.3.1/thumb/v6-m/nofp\libgcc.a
LOAD D:/STM32CubeIDE_1.14.1/STM32CubeIDE/plugins/com.st.stm32cube.ide.mcu.externaltools.gnu-tools-for-stm32.11.3.rel1.win32_1.1.100.202309141235/tools/bin/../lib/gcc/arm-none-eabi/11.3.1/../../../../arm-none-eabi/lib/thumb/v6-m/nofp\libc_nano.a
LOAD D:/STM32CubeIDE_1.14.1/STM32CubeIDE/plugins/com.st.stm32cube.ide.mcu.externaltools.gnu-tools-for-stm32.11.3.rel1.win32_1.1.100.202309141235/tools/bin/../lib/gcc/arm-none-eabi/11.3.1/../../../../arm-none-eabi/lib/thumb/v6-m/nofp\libnosys.a
END GROUP
LOAD D:/STM32CubeIDE_1.14.1/STM32CubeIDE/plugins/com.st.stm32cube.ide.mcu.externaltools.gnu-tools-for-stm32.11.3.rel1.win32_1.1.100.202309141235/tools/bin/../lib/gcc/arm-none-eabi/11.3.1/thumb/v6-m/nofp/crtend.o
LOAD D:/STM32CubeIDE_1.14.1/STM32CubeIDE/plugins/com.st.stm32cube.ide.mcu.externaltools.gnu-tools-for-stm32.11.3.rel1.win32_1.1.100.202309141235/tools/bin/../lib/gcc/arm-none-eabi/11.3.1/thumb/v6-m/nofp/crtn.o
                0x0000000020002000                _estack = (ORIGIN (RAM) + LENGTH (RAM))
                0x0000000000000200                _Min_Heap_Size = 0x200
                0x0000000000000400                _Min_Stack_Size = 0x400

.isr_vector     0x0000000008000000       0xc0
                0x0000000008000000                . = ALIGN (0x4)
 *(.isr_vector)
 .isr_vector    0x0000000008000000       0xc0 ./Core/Startup/startup_stm32l053r8tx.o
                0x0000000008000000                g_pfnVectors
                0x00000000080000c0                . = ALIGN (0x4)

.text           0x00000000080000c0     0x1d68
                0x00000000080000c0                . = ALIGN (0x4)
 *(.text)
 .text          0x00000000080000c0       0x48 D:/STM32CubeIDE_1.14.1/STM32CubeIDE/plugins/com.st.stm32cube.ide.mcu.externaltools.gnu-tools-for-stm32.11.3.rel1.win32_1.1.100.202309141235/tools/bin/../lib/gcc/arm-none-eabi/11.3.1/thumb/v6-m/nofp/crtbegin.o
 .text          0x0000000008000108      0x114 D:/STM32CubeIDE_1.14.1/STM32CubeIDE/plugins/com.st.stm32cube.ide.mcu.externaltools.gnu-tools-for-stm32.11.3.rel1.win32_1.1.100.202309141235/tools/bin/../lib/gcc/arm-none-eabi/11.3.1/thumb/v6-m/nofp\libgcc.a(_udivsi3.o)
                0x0000000008000108                __aeabi_uidiv
                0x0000000008000108                __udivsi3
                0x0000000008000214                __aeabi_uidivmod
 .text          0x000000000800021c        0x4 D:/STM32CubeIDE_1.14.1/STM32CubeIDE/plugins/com.st.stm32cube.ide.mcu.externaltools.gnu-tools-for-stm32.11.3.rel1.win32_1.1.100.202309141235/tools/bin/../lib/gcc/arm-none-eabi/11.3.1/thumb/v6-m/nofp\libgcc.a(_dvmd_tls.o)
                0x000000000800021c                __aeabi_idiv0
                0x000000000800021c                __aeabi_ldiv0
 .text          0x0000000008000220       0x3c D:/STM32CubeIDE_1.14.1/STM32CubeIDE/plugins/com.st.stm32cube.ide.mcu.externaltools.gnu-tools-for-stm32.11.3.rel1.win32_1.1.100.202309141235/tools/bin/../lib/gcc/arm-none-eabi/11.3.1/thumb/v6-m/nofp\libgcc.a(_fixunsdfsi.o)
                0x0000000008000220                __aeabi_d2uiz
                0x0000000008000220                __fixunsdfsi
 .text          0x000000000800025c      0x5dc D:/STM32CubeIDE_1.14.1/STM32CubeIDE/plugins/com.st.stm32cube.ide.mcu.externaltools.gnu-tools-for-stm32.11.3.rel1.win32_1.1.100.202309141235/tools/bin/../lib/gcc/arm-none-eabi/11.3.1/thumb/v6-m/nofp\libgcc.a(divdf3.o)
                0x000000000800025c                __aeabi_ddiv
 .text          0x0000000008000838      0x584 D:/STM32CubeIDE_1.14.1/STM32CubeIDE/plugins/com.st.stm32cube.ide.mcu.externaltools.gnu-tools-for-stm32.11.3.rel1.win32_1.1.100.202309141235/tools/bin/../lib/gcc/arm-none-eabi/11.3.1/thumb/v6-m/nofp\libgcc.a(muldf3.o)
                0x0000000008000838                __aeabi_dmul
 .text          0x0000000008000dbc      0x704 D:/STM32CubeIDE_1.14.1/STM32CubeIDE/plugins/com.st.stm32cube.ide.mcu.externaltools.gnu-tools-for-stm32.11.3.rel1.win32_1.1.100.202309141235/tools/bin/../lib/gcc/arm-none-eabi/11.3.1/thumb/v6-m/nofp\libgcc.a(subdf3.o)
                0x0000000008000dbc                __aeabi_dsub
 .text          0x00000000080014c0       0x6c D:/STM32CubeIDE_1.14.1/STM32CubeIDE/plugins/com.st.stm32cube.ide.mcu.externaltools.gnu-tools-for-stm32.11.3.rel1.win32_1.1.100.202309141235/tools/bin/../lib/gcc/arm-none-eabi/11.3.1/thumb/v6-m/nofp\libgcc.a(fixdfsi.o)
                0x00000000080014c0                __aeabi_d2iz
 .text          0x000000000800152c       0x4c D:/STM32CubeIDE_1.14.1/STM32CubeIDE/plugins/com.st.stm32cube.ide.mcu.externaltools.gnu-tools-for-stm32.11.3.rel1.win32_1.1.100.202309141235/tools/bin/../lib/gcc/arm-none-eabi/11.3.1/thumb/v6-m/nofp\libgcc.a(floatunsidf.o)
                0x000000000800152c                __aeabi_ui2d
 .text          0x0000000008001578       0x7c D:/STM32CubeIDE_1.14.1/STM32CubeIDE/plugins/com.st.stm32cube.ide.mcu.externaltools.gnu-tools-for-stm32.11.3.rel1.win32_1.1.100.202309141235/tools/bin/../lib/gcc/arm-none-eabi/11.3.1/thumb/v6-m/nofp\libgcc.a(_arm_cmpdf2.o)
                0x0000000008001578                __aeabi_cdrcmple
                0x0000000008001588                __aeabi_cdcmple
                0x0000000008001588                __aeabi_cdcmpeq
                0x0000000008001598                __aeabi_dcmpeq
                0x00000000080015a4                __aeabi_dcmplt
                0x00000000080015b8                __aeabi_dcmple
                0x00000000080015cc                __aeabi_dcmpgt
                0x00000000080015e0                __aeabi_dcmpge
 .text          0x00000000080015f4       0x3c D:/STM32CubeIDE_1.14.1/STM32CubeIDE/plugins/com.st.stm32cube.ide.mcu.externaltools.gnu-tools-for-stm32.11.3.rel1.win32_1.1.100.202309141235/tools/bin/../lib/gcc/arm-none-eabi/11.3.1/thumb/v6-m/nofp\libgcc.a(_clzsi2.o)
                0x00000000080015f4                __clzsi2
 .text          0x0000000008001630       0x84 D:/STM32CubeIDE_1.14.1/STM32CubeIDE/plugins/com.st.stm32cube.ide.mcu.externaltools.gnu-tools-for-stm32.11.3.rel1.win32_1.1.100.202309141235/tools/bin/../lib/gcc/arm-none-eabi/11.3.1/thumb/v6-m/nofp\libgcc.a(eqdf2.o)
                0x0000000008001630                __nedf2
                0x0000000008001630                __eqdf2
 .text          0x00000000080016b4       0xcc D:/STM32CubeIDE_1.14.1/STM32CubeIDE/plugins/com.st.stm32cube.ide.mcu.externaltools.gnu-tools-for-stm32.11.3.rel1.win32_1.1.100.202309141235/tools/bin/../lib/gcc/arm-none-eabi/11.3.1/thumb/v6-m/nofp\libgcc.a(gedf2.o)
                0x00000000080016b4                __gedf2
                0x00000000080016b4                __gtdf2
 .text          0x0000000008001780       0xc8 D:/STM32CubeIDE_1.14.1/STM32CubeIDE/plugins/com.st.stm32cube.ide.mcu.externaltools.gnu-tools-for-stm32.11.3.rel1.win32_1.1.100.202309141235/tools/bin/../lib/gcc/arm-none-eabi/11.3.1/thumb/v6-m/nofp\libgcc.a(ledf2.o)
                0x0000000008001780                __ledf2
                0x0000000008001780                __ltdf2
 *(.text*)
 .text.GPIO_Init
                0x0000000008001848       0xb4 ./Core/Src/gpio.o
                0x0000000008001848                GPIO_Init
 .text.GPIO_SetPinHigh
                0x00000000080018fc       0x20 ./Core/Src/gpio.o
                0x00000000080018fc                GPIO_SetPinHigh
 .text.GPIO_SetPinLow
                0x000000000800191c       0x20 ./Core/Src/gpio.o
                0x000000000800191c                GPIO_SetPinLow
 .text.GPIO_ReadPin
                0x000000000800193c       0x26 ./Core/Src/gpio.o
                0x000000000800193c                GPIO_ReadPin
 .text.LED_RGB_Init
                0x0000000008001962        0xe ./Core/Src/led_rgb.o
                0x0000000008001962                LED_RGB_Init
 .text.LED_RGB_SetRed
                0x0000000008001970       0x2e ./Core/Src/led_rgb.o
                0x0000000008001970                LED_RGB_SetRed
 .text.LED_RGB_SetGreen
                0x000000000800199e       0x2e ./Core/Src/led_rgb.o
                0x000000000800199e                LED_RGB_SetGreen
 .text.delay_ms
                0x00000000080019cc       0x36 ./Core/Src/main.o
                0x00000000080019cc                delay_ms
 .text.main     0x0000000008001a02       0xac ./Core/Src/main.o
                0x0000000008001a02                main
 .text.Motor_Init
                0x0000000008001aae        0xe ./Core/Src/motor.o
                0x0000000008001aae                Motor_Init
 .text.Motor_Forward
                0x0000000008001abc       0x3a ./Core/Src/motor.o
                0x0000000008001abc                Motor_Forward
 .text.Motor_Stop
                0x0000000008001af6       0x3a ./Core/Src/motor.o
                0x0000000008001af6                Motor_Stop
 .text.Motor_Left
                0x0000000008001b30       0x3a ./Core/Src/motor.o
                0x0000000008001b30                Motor_Left
 .text.Motor_Right
                0x0000000008001b6a       0x3a ./Core/Src/motor.o
                0x0000000008001b6a                Motor_Right
 .text.NMI_Handler
                0x0000000008001ba4        0x6 ./Core/Src/stm32l0xx_it.o
                0x0000000008001ba4                NMI_Handler
 .text.HardFault_Handler
                0x0000000008001baa        0x6 ./Core/Src/stm32l0xx_it.o
                0x0000000008001baa                HardFault_Handler
 .text.SVC_Handler
                0x0000000008001bb0        0xa ./Core/Src/stm32l0xx_it.o
                0x0000000008001bb0                SVC_Handler
 .text.PendSV_Handler
                0x0000000008001bba        0xa ./Core/Src/stm32l0xx_it.o
                0x0000000008001bba                PendSV_Handler
 .text.SysTick_Handler
                0x0000000008001bc4        0xa ./Core/Src/stm32l0xx_it.o
                0x0000000008001bc4                SysTick_Handler
 .text.SystemInit
                0x0000000008001bce        0xa ./Core/Src/system_stm32l0xx.o
                0x0000000008001bce                SystemInit
 .text.Timer_Init
                0x0000000008001bd8       0x3c ./Core/Src/timer.o
                0x0000000008001bd8                Timer_Init
 .text.Timer_Start
                0x0000000008001c14       0x22 ./Core/Src/timer.o
                0x0000000008001c14                Timer_Start
 .text.Timer_Stop
                0x0000000008001c36       0x1a ./Core/Src/timer.o
                0x0000000008001c36                Timer_Stop
 .text.Timer_GetValue
                0x0000000008001c50       0x10 ./Core/Src/timer.o
                0x0000000008001c50                Timer_GetValue
 .text.Ultrasonic_Init
                0x0000000008001c60       0x38 ./Core/Src/ultrasonic.o
                0x0000000008001c60                Ultrasonic_Init
 .text.Ultrasonic_ReadDistance
                0x0000000008001c98       0xdc ./Core/Src/ultrasonic.o
                0x0000000008001c98                Ultrasonic_ReadDistance
 .text.Reset_Handler
                0x0000000008001d74       0x50 ./Core/Startup/startup_stm32l053r8tx.o
                0x0000000008001d74                Reset_Handler
 .text.Default_Handler
                0x0000000008001dc4        0x2 ./Core/Startup/startup_stm32l053r8tx.o
                0x0000000008001dc4                TSC_IRQHandler
                0x0000000008001dc4                ADC1_COMP_IRQHandler
                0x0000000008001dc4                PVD_IRQHandler
                0x0000000008001dc4                I2C1_IRQHandler
                0x0000000008001dc4                RCC_CRS_IRQHandler
                0x0000000008001dc4                SPI1_IRQHandler
                0x0000000008001dc4                TIM6_DAC_IRQHandler
                0x0000000008001dc4                EXTI2_3_IRQHandler
                0x0000000008001dc4                I2C2_IRQHandler
                0x0000000008001dc4                RTC_IRQHandler
                0x0000000008001dc4                LCD_IRQHandler
                0x0000000008001dc4                DMA1_Channel4_5_6_7_IRQHandler
                0x0000000008001dc4                EXTI4_15_IRQHandler
                0x0000000008001dc4                DMA1_Channel1_IRQHandler
                0x0000000008001dc4                Default_Handler
                0x0000000008001dc4                TIM22_IRQHandler
                0x0000000008001dc4                EXTI0_1_IRQHandler
                0x0000000008001dc4                USB_IRQHandler
                0x0000000008001dc4                SPI2_IRQHandler
                0x0000000008001dc4                TIM21_IRQHandler
                0x0000000008001dc4                WWDG_IRQHandler
                0x0000000008001dc4                TIM2_IRQHandler
                0x0000000008001dc4                DMA1_Channel2_3_IRQHandler
                0x0000000008001dc4                USART2_IRQHandler
                0x0000000008001dc4                FLASH_IRQHandler
                0x0000000008001dc4                USART1_IRQHandler
                0x0000000008001dc4                RNG_LPUART1_IRQHandler
                0x0000000008001dc4                LPTIM1_IRQHandler
 *fill*         0x0000000008001dc6        0x2 
 .text.__libc_init_array
                0x0000000008001dc8       0x48 D:/STM32CubeIDE_1.14.1/STM32CubeIDE/plugins/com.st.stm32cube.ide.mcu.externaltools.gnu-tools-for-stm32.11.3.rel1.win32_1.1.100.202309141235/tools/bin/../lib/gcc/arm-none-eabi/11.3.1/../../../../arm-none-eabi/lib/thumb/v6-m/nofp\libc_nano.a(libc_a-init.o)
                0x0000000008001dc8                __libc_init_array
 *(.glue_7)
 .glue_7        0x0000000008001e10        0x0 linker stubs
 *(.glue_7t)
 .glue_7t       0x0000000008001e10        0x0 linker stubs
 *(.eh_frame)
 .eh_frame      0x0000000008001e10        0x0 D:/STM32CubeIDE_1.14.1/STM32CubeIDE/plugins/com.st.stm32cube.ide.mcu.externaltools.gnu-tools-for-stm32.11.3.rel1.win32_1.1.100.202309141235/tools/bin/../lib/gcc/arm-none-eabi/11.3.1/thumb/v6-m/nofp/crtbegin.o
 *(.init)
 .init          0x0000000008001e10        0x4 D:/STM32CubeIDE_1.14.1/STM32CubeIDE/plugins/com.st.stm32cube.ide.mcu.externaltools.gnu-tools-for-stm32.11.3.rel1.win32_1.1.100.202309141235/tools/bin/../lib/gcc/arm-none-eabi/11.3.1/thumb/v6-m/nofp/crti.o
                0x0000000008001e10                _init
 .init          0x0000000008001e14        0x8 D:/STM32CubeIDE_1.14.1/STM32CubeIDE/plugins/com.st.stm32cube.ide.mcu.externaltools.gnu-tools-for-stm32.11.3.rel1.win32_1.1.100.202309141235/tools/bin/../lib/gcc/arm-none-eabi/11.3.1/thumb/v6-m/nofp/crtn.o
 *(.fini)
 .fini          0x0000000008001e1c        0x4 D:/STM32CubeIDE_1.14.1/STM32CubeIDE/plugins/com.st.stm32cube.ide.mcu.externaltools.gnu-tools-for-stm32.11.3.rel1.win32_1.1.100.202309141235/tools/bin/../lib/gcc/arm-none-eabi/11.3.1/thumb/v6-m/nofp/crti.o
                0x0000000008001e1c                _fini
 .fini          0x0000000008001e20        0x8 D:/STM32CubeIDE_1.14.1/STM32CubeIDE/plugins/com.st.stm32cube.ide.mcu.externaltools.gnu-tools-for-stm32.11.3.rel1.win32_1.1.100.202309141235/tools/bin/../lib/gcc/arm-none-eabi/11.3.1/thumb/v6-m/nofp/crtn.o
                0x0000000008001e28                . = ALIGN (0x4)
                0x0000000008001e28                _etext = .

.vfp11_veneer   0x0000000008001e28        0x0
 .vfp11_veneer  0x0000000008001e28        0x0 linker stubs

.v4_bx          0x0000000008001e28        0x0
 .v4_bx         0x0000000008001e28        0x0 linker stubs

.iplt           0x0000000008001e28        0x0
 .iplt          0x0000000008001e28        0x0 D:/STM32CubeIDE_1.14.1/STM32CubeIDE/plugins/com.st.stm32cube.ide.mcu.externaltools.gnu-tools-for-stm32.11.3.rel1.win32_1.1.100.202309141235/tools/bin/../lib/gcc/arm-none-eabi/11.3.1/thumb/v6-m/nofp/crtbegin.o

.rodata         0x0000000008001e28       0x40
                0x0000000008001e28                . = ALIGN (0x4)
 *(.rodata)
 .rodata        0x0000000008001e28       0x40 D:/STM32CubeIDE_1.14.1/STM32CubeIDE/plugins/com.st.stm32cube.ide.mcu.externaltools.gnu-tools-for-stm32.11.3.rel1.win32_1.1.100.202309141235/tools/bin/../lib/gcc/arm-none-eabi/11.3.1/thumb/v6-m/nofp\libgcc.a(divdf3.o)
 *(.rodata*)
                0x0000000008001e68                . = ALIGN (0x4)

.rel.dyn        0x0000000008001e68        0x0
 .rel.iplt      0x0000000008001e68        0x0 D:/STM32CubeIDE_1.14.1/STM32CubeIDE/plugins/com.st.stm32cube.ide.mcu.externaltools.gnu-tools-for-stm32.11.3.rel1.win32_1.1.100.202309141235/tools/bin/../lib/gcc/arm-none-eabi/11.3.1/thumb/v6-m/nofp/crtbegin.o

.ARM.extab      0x0000000008001e68        0x0
                0x0000000008001e68                . = ALIGN (0x4)
 *(.ARM.extab* .gnu.linkonce.armextab.*)
                0x0000000008001e68                . = ALIGN (0x4)

.ARM            0x0000000008001e68        0x0
                0x0000000008001e68                . = ALIGN (0x4)
                0x0000000008001e68                __exidx_start = .
 *(.ARM.exidx*)
                0x0000000008001e68                __exidx_end = .
                0x0000000008001e68                . = ALIGN (0x4)

.preinit_array  0x0000000008001e68        0x0
                0x0000000008001e68                . = ALIGN (0x4)
                0x0000000008001e68                PROVIDE (__preinit_array_start = .)
 *(.preinit_array*)
                0x0000000008001e68                PROVIDE (__preinit_array_end = .)
                0x0000000008001e68                . = ALIGN (0x4)

.init_array     0x0000000008001e68        0x4
                0x0000000008001e68                . = ALIGN (0x4)
                0x0000000008001e68                PROVIDE (__init_array_start = .)
 *(SORT_BY_NAME(.init_array.*))
 *(.init_array*)
 .init_array    0x0000000008001e68        0x4 D:/STM32CubeIDE_1.14.1/STM32CubeIDE/plugins/com.st.stm32cube.ide.mcu.externaltools.gnu-tools-for-stm32.11.3.rel1.win32_1.1.100.202309141235/tools/bin/../lib/gcc/arm-none-eabi/11.3.1/thumb/v6-m/nofp/crtbegin.o
                0x0000000008001e6c                PROVIDE (__init_array_end = .)
                0x0000000008001e6c                . = ALIGN (0x4)

.fini_array     0x0000000008001e6c        0x4
                0x0000000008001e6c                . = ALIGN (0x4)
                [!provide]                        PROVIDE (__fini_array_start = .)
 *(SORT_BY_NAME(.fini_array.*))
 *(.fini_array*)
 .fini_array    0x0000000008001e6c        0x4 D:/STM32CubeIDE_1.14.1/STM32CubeIDE/plugins/com.st.stm32cube.ide.mcu.externaltools.gnu-tools-for-stm32.11.3.rel1.win32_1.1.100.202309141235/tools/bin/../lib/gcc/arm-none-eabi/11.3.1/thumb/v6-m/nofp/crtbegin.o
                [!provide]                        PROVIDE (__fini_array_end = .)
                0x0000000008001e70                . = ALIGN (0x4)
                0x0000000008001e70                _sidata = LOADADDR (.data)

.data           0x0000000020000000        0x0 load address 0x0000000008001e70
                0x0000000020000000                . = ALIGN (0x4)
                0x0000000020000000                _sdata = .
 *(.data)
 *(.data*)
 *(.RamFunc)
 *(.RamFunc*)
                0x0000000020000000                . = ALIGN (0x4)
                0x0000000020000000                _edata = .

.igot.plt       0x0000000020000000        0x0 load address 0x0000000008001e70
 .igot.plt      0x0000000020000000        0x0 D:/STM32CubeIDE_1.14.1/STM32CubeIDE/plugins/com.st.stm32cube.ide.mcu.externaltools.gnu-tools-for-stm32.11.3.rel1.win32_1.1.100.202309141235/tools/bin/../lib/gcc/arm-none-eabi/11.3.1/thumb/v6-m/nofp/crtbegin.o
                0x0000000020000000                . = ALIGN (0x4)

.bss            0x0000000020000000       0x1c load address 0x0000000008001e70
                0x0000000020000000                _sbss = .
                0x0000000020000000                __bss_start__ = _sbss
 *(.bss)
 .bss           0x0000000020000000       0x1c D:/STM32CubeIDE_1.14.1/STM32CubeIDE/plugins/com.st.stm32cube.ide.mcu.externaltools.gnu-tools-for-stm32.11.3.rel1.win32_1.1.100.202309141235/tools/bin/../lib/gcc/arm-none-eabi/11.3.1/thumb/v6-m/nofp/crtbegin.o
 *(.bss*)
 *(COMMON)
                0x000000002000001c                . = ALIGN (0x4)
                0x000000002000001c                _ebss = .
                0x000000002000001c                __bss_end__ = _ebss

._user_heap_stack
                0x000000002000001c      0x604 load address 0x0000000008001e70
                0x0000000020000020                . = ALIGN (0x8)
 *fill*         0x000000002000001c        0x4 
                [!provide]                        PROVIDE (end = .)
                0x0000000020000020                PROVIDE (_end = .)
                0x0000000020000220                . = (. + _Min_Heap_Size)
 *fill*         0x0000000020000020      0x200 
                0x0000000020000620                . = (. + _Min_Stack_Size)
 *fill*         0x0000000020000220      0x400 
                0x0000000020000620                . = ALIGN (0x8)

/DISCARD/
 libc.a(*)
 libm.a(*)
 libgcc.a(*)

.ARM.attributes
                0x0000000000000000       0x28
 *(.ARM.attributes)
 .ARM.attributes
                0x0000000000000000       0x1e D:/STM32CubeIDE_1.14.1/STM32CubeIDE/plugins/com.st.stm32cube.ide.mcu.externaltools.gnu-tools-for-stm32.11.3.rel1.win32_1.1.100.202309141235/tools/bin/../lib/gcc/arm-none-eabi/11.3.1/thumb/v6-m/nofp/crti.o
 .ARM.attributes
                0x000000000000001e       0x2c D:/STM32CubeIDE_1.14.1/STM32CubeIDE/plugins/com.st.stm32cube.ide.mcu.externaltools.gnu-tools-for-stm32.11.3.rel1.win32_1.1.100.202309141235/tools/bin/../lib/gcc/arm-none-eabi/11.3.1/thumb/v6-m/nofp/crtbegin.o
 .ARM.attributes
                0x000000000000004a       0x2c ./Core/Src/gpio.o
 .ARM.attributes
                0x0000000000000076       0x2c ./Core/Src/led_rgb.o
 .ARM.attributes
                0x00000000000000a2       0x2c ./Core/Src/main.o
 .ARM.attributes
                0x00000000000000ce       0x2c ./Core/Src/motor.o
 .ARM.attributes
                0x00000000000000fa       0x2c ./Core/Src/stm32l0xx_it.o
 .ARM.attributes
                0x0000000000000126       0x2c ./Core/Src/system_stm32l0xx.o
 .ARM.attributes
                0x0000000000000152       0x2c ./Core/Src/timer.o
 .ARM.attributes
                0x000000000000017e       0x2c ./Core/Src/ultrasonic.o
 .ARM.attributes
                0x00000000000001aa       0x22 ./Core/Startup/startup_stm32l053r8tx.o
 .ARM.attributes
                0x00000000000001cc       0x2c D:/STM32CubeIDE_1.14.1/STM32CubeIDE/plugins/com.st.stm32cube.ide.mcu.externaltools.gnu-tools-for-stm32.11.3.rel1.win32_1.1.100.202309141235/tools/bin/../lib/gcc/arm-none-eabi/11.3.1/../../../../arm-none-eabi/lib/thumb/v6-m/nofp\libc_nano.a(libc_a-init.o)
 .ARM.attributes
                0x00000000000001f8       0x1e D:/STM32CubeIDE_1.14.1/STM32CubeIDE/plugins/com.st.stm32cube.ide.mcu.externaltools.gnu-tools-for-stm32.11.3.rel1.win32_1.1.100.202309141235/tools/bin/../lib/gcc/arm-none-eabi/11.3.1/thumb/v6-m/nofp\libgcc.a(_udivsi3.o)
 .ARM.attributes
                0x0000000000000216       0x1e D:/STM32CubeIDE_1.14.1/STM32CubeIDE/plugins/com.st.stm32cube.ide.mcu.externaltools.gnu-tools-for-stm32.11.3.rel1.win32_1.1.100.202309141235/tools/bin/../lib/gcc/arm-none-eabi/11.3.1/thumb/v6-m/nofp\libgcc.a(_dvmd_tls.o)
 .ARM.attributes
                0x0000000000000234       0x2c D:/STM32CubeIDE_1.14.1/STM32CubeIDE/plugins/com.st.stm32cube.ide.mcu.externaltools.gnu-tools-for-stm32.11.3.rel1.win32_1.1.100.202309141235/tools/bin/../lib/gcc/arm-none-eabi/11.3.1/thumb/v6-m/nofp\libgcc.a(_fixunsdfsi.o)
 .ARM.attributes
                0x0000000000000260       0x2c D:/STM32CubeIDE_1.14.1/STM32CubeIDE/plugins/com.st.stm32cube.ide.mcu.externaltools.gnu-tools-for-stm32.11.3.rel1.win32_1.1.100.202309141235/tools/bin/../lib/gcc/arm-none-eabi/11.3.1/thumb/v6-m/nofp\libgcc.a(divdf3.o)
 .ARM.attributes
                0x000000000000028c       0x2c D:/STM32CubeIDE_1.14.1/STM32CubeIDE/plugins/com.st.stm32cube.ide.mcu.externaltools.gnu-tools-for-stm32.11.3.rel1.win32_1.1.100.202309141235/tools/bin/../lib/gcc/arm-none-eabi/11.3.1/thumb/v6-m/nofp\libgcc.a(muldf3.o)
 .ARM.attributes
                0x00000000000002b8       0x2c D:/STM32CubeIDE_1.14.1/STM32CubeIDE/plugins/com.st.stm32cube.ide.mcu.externaltools.gnu-tools-for-stm32.11.3.rel1.win32_1.1.100.202309141235/tools/bin/../lib/gcc/arm-none-eabi/11.3.1/thumb/v6-m/nofp\libgcc.a(subdf3.o)
 .ARM.attributes
                0x00000000000002e4       0x2c D:/STM32CubeIDE_1.14.1/STM32CubeIDE/plugins/com.st.stm32cube.ide.mcu.externaltools.gnu-tools-for-stm32.11.3.rel1.win32_1.1.100.202309141235/tools/bin/../lib/gcc/arm-none-eabi/11.3.1/thumb/v6-m/nofp\libgcc.a(fixdfsi.o)
 .ARM.attributes
                0x0000000000000310       0x2c D:/STM32CubeIDE_1.14.1/STM32CubeIDE/plugins/com.st.stm32cube.ide.mcu.externaltools.gnu-tools-for-stm32.11.3.rel1.win32_1.1.100.202309141235/tools/bin/../lib/gcc/arm-none-eabi/11.3.1/thumb/v6-m/nofp\libgcc.a(floatunsidf.o)
 .ARM.attributes
                0x000000000000033c       0x1e D:/STM32CubeIDE_1.14.1/STM32CubeIDE/plugins/com.st.stm32cube.ide.mcu.externaltools.gnu-tools-for-stm32.11.3.rel1.win32_1.1.100.202309141235/tools/bin/../lib/gcc/arm-none-eabi/11.3.1/thumb/v6-m/nofp\libgcc.a(_arm_cmpdf2.o)
 .ARM.attributes
                0x000000000000035a       0x1e D:/STM32CubeIDE_1.14.1/STM32CubeIDE/plugins/com.st.stm32cube.ide.mcu.externaltools.gnu-tools-for-stm32.11.3.rel1.win32_1.1.100.202309141235/tools/bin/../lib/gcc/arm-none-eabi/11.3.1/thumb/v6-m/nofp\libgcc.a(_clzsi2.o)
 .ARM.attributes
                0x0000000000000378       0x2c D:/STM32CubeIDE_1.14.1/STM32CubeIDE/plugins/com.st.stm32cube.ide.mcu.externaltools.gnu-tools-for-stm32.11.3.rel1.win32_1.1.100.202309141235/tools/bin/../lib/gcc/arm-none-eabi/11.3.1/thumb/v6-m/nofp\libgcc.a(eqdf2.o)
 .ARM.attributes
                0x00000000000003a4       0x2c D:/STM32CubeIDE_1.14.1/STM32CubeIDE/plugins/com.st.stm32cube.ide.mcu.externaltools.gnu-tools-for-stm32.11.3.rel1.win32_1.1.100.202309141235/tools/bin/../lib/gcc/arm-none-eabi/11.3.1/thumb/v6-m/nofp\libgcc.a(gedf2.o)
 .ARM.attributes
                0x00000000000003d0       0x2c D:/STM32CubeIDE_1.14.1/STM32CubeIDE/plugins/com.st.stm32cube.ide.mcu.externaltools.gnu-tools-for-stm32.11.3.rel1.win32_1.1.100.202309141235/tools/bin/../lib/gcc/arm-none-eabi/11.3.1/thumb/v6-m/nofp\libgcc.a(ledf2.o)
 .ARM.attributes
                0x00000000000003fc       0x1e D:/STM32CubeIDE_1.14.1/STM32CubeIDE/plugins/com.st.stm32cube.ide.mcu.externaltools.gnu-tools-for-stm32.11.3.rel1.win32_1.1.100.202309141235/tools/bin/../lib/gcc/arm-none-eabi/11.3.1/thumb/v6-m/nofp/crtn.o
OUTPUT(Projet.elf elf32-littlearm)
LOAD linker stubs
LOAD D:/STM32CubeIDE_1.14.1/STM32CubeIDE/plugins/com.st.stm32cube.ide.mcu.externaltools.gnu-tools-for-stm32.11.3.rel1.win32_1.1.100.202309141235/tools/bin/../lib/gcc/arm-none-eabi/11.3.1/../../../../arm-none-eabi/lib/thumb/v6-m/nofp\libc.a
LOAD D:/STM32CubeIDE_1.14.1/STM32CubeIDE/plugins/com.st.stm32cube.ide.mcu.externaltools.gnu-tools-for-stm32.11.3.rel1.win32_1.1.100.202309141235/tools/bin/../lib/gcc/arm-none-eabi/11.3.1/../../../../arm-none-eabi/lib/thumb/v6-m/nofp\libm.a
LOAD D:/STM32CubeIDE_1.14.1/STM32CubeIDE/plugins/com.st.stm32cube.ide.mcu.externaltools.gnu-tools-for-stm32.11.3.rel1.win32_1.1.100.202309141235/tools/bin/../lib/gcc/arm-none-eabi/11.3.1/thumb/v6-m/nofp\libgcc.a

.comment        0x0000000000000000       0x43
 .comment       0x0000000000000000       0x43 D:/STM32CubeIDE_1.14.1/STM32CubeIDE/plugins/com.st.stm32cube.ide.mcu.externaltools.gnu-tools-for-stm32.11.3.rel1.win32_1.1.100.202309141235/tools/bin/../lib/gcc/arm-none-eabi/11.3.1/thumb/v6-m/nofp/crtbegin.o
                                         0x44 (size before relaxing)
 .comment       0x0000000000000043       0x44 ./Core/Src/gpio.o
 .comment       0x0000000000000043       0x44 ./Core/Src/led_rgb.o
 .comment       0x0000000000000043       0x44 ./Core/Src/main.o
 .comment       0x0000000000000043       0x44 ./Core/Src/motor.o
 .comment       0x0000000000000043       0x44 ./Core/Src/stm32l0xx_it.o
 .comment       0x0000000000000043       0x44 ./Core/Src/system_stm32l0xx.o
 .comment       0x0000000000000043       0x44 ./Core/Src/timer.o
 .comment       0x0000000000000043       0x44 ./Core/Src/ultrasonic.o

.debug_info     0x0000000000000000     0x15f0
 .debug_info    0x0000000000000000      0x309 ./Core/Src/gpio.o
 .debug_info    0x0000000000000309      0x1bb ./Core/Src/led_rgb.o
 .debug_info    0x00000000000004c4      0x639 ./Core/Src/main.o
 .debug_info    0x0000000000000afd      0x1bb ./Core/Src/motor.o
 .debug_info    0x0000000000000cb8      0x105 ./Core/Src/stm32l0xx_it.o
 .debug_info    0x0000000000000dbd      0x2c9 ./Core/Src/system_stm32l0xx.o
 .debug_info    0x0000000000001086      0x2f1 ./Core/Src/timer.o
 .debug_info    0x0000000000001377      0x256 ./Core/Src/ultrasonic.o
 .debug_info    0x00000000000015cd       0x23 ./Core/Startup/startup_stm32l053r8tx.o

.debug_abbrev   0x0000000000000000      0x8d5
 .debug_abbrev  0x0000000000000000      0x109 ./Core/Src/gpio.o
 .debug_abbrev  0x0000000000000109       0xed ./Core/Src/led_rgb.o
 .debug_abbrev  0x00000000000001f6      0x216 ./Core/Src/main.o
 .debug_abbrev  0x000000000000040c       0xed ./Core/Src/motor.o
 .debug_abbrev  0x00000000000004f9       0x80 ./Core/Src/stm32l0xx_it.o
 .debug_abbrev  0x0000000000000579      0x11c ./Core/Src/system_stm32l0xx.o
 .debug_abbrev  0x0000000000000695       0xc0 ./Core/Src/timer.o
 .debug_abbrev  0x0000000000000755      0x16e ./Core/Src/ultrasonic.o
 .debug_abbrev  0x00000000000008c3       0x12 ./Core/Startup/startup_stm32l053r8tx.o

.debug_aranges  0x0000000000000000      0x248
 .debug_aranges
                0x0000000000000000       0x38 ./Core/Src/gpio.o
 .debug_aranges
                0x0000000000000038       0x40 ./Core/Src/led_rgb.o
 .debug_aranges
                0x0000000000000078       0xa0 ./Core/Src/main.o
 .debug_aranges
                0x0000000000000118       0x40 ./Core/Src/motor.o
 .debug_aranges
                0x0000000000000158       0x40 ./Core/Src/stm32l0xx_it.o
 .debug_aranges
                0x0000000000000198       0x28 ./Core/Src/system_stm32l0xx.o
 .debug_aranges
                0x00000000000001c0       0x38 ./Core/Src/timer.o
 .debug_aranges
                0x00000000000001f8       0x28 ./Core/Src/ultrasonic.o
 .debug_aranges
                0x0000000000000220       0x28 ./Core/Startup/startup_stm32l053r8tx.o

.debug_rnglists
                0x0000000000000000      0x18e
 .debug_rnglists
                0x0000000000000000       0x26 ./Core/Src/gpio.o
 .debug_rnglists
                0x0000000000000026       0x2b ./Core/Src/led_rgb.o
 .debug_rnglists
                0x0000000000000051       0x75 ./Core/Src/main.o
 .debug_rnglists
                0x00000000000000c6       0x2b ./Core/Src/motor.o
 .debug_rnglists
                0x00000000000000f1       0x2b ./Core/Src/stm32l0xx_it.o
 .debug_rnglists
                0x000000000000011c       0x1a ./Core/Src/system_stm32l0xx.o
 .debug_rnglists
                0x0000000000000136       0x25 ./Core/Src/timer.o
 .debug_rnglists
                0x000000000000015b       0x1a ./Core/Src/ultrasonic.o
 .debug_rnglists
                0x0000000000000175       0x19 ./Core/Startup/startup_stm32l053r8tx.o

.debug_macro    0x0000000000000000     0x2702
 .debug_macro   0x0000000000000000       0xce ./Core/Src/gpio.o
 .debug_macro   0x00000000000000ce       0xdd ./Core/Src/led_rgb.o
 .debug_macro   0x00000000000001ab       0x16 ./Core/Src/led_rgb.o
 .debug_macro   0x00000000000001c1      0x24e ./Core/Src/main.o
 .debug_macro   0x000000000000040f       0x1c ./Core/Src/main.o
 .debug_macro   0x000000000000042b       0xe4 ./Core/Src/main.o
 .debug_macro   0x000000000000050f      0x423 ./Core/Src/main.o
 .debug_macro   0x0000000000000932       0xfb ./Core/Src/main.o
 .debug_macro   0x0000000000000a2d      0x17a ./Core/Src/main.o
 .debug_macro   0x0000000000000ba7      0x108 ./Core/Src/main.o
 .debug_macro   0x0000000000000caf      0x189 ./Core/Src/main.o
 .debug_macro   0x0000000000000e38       0x2a ./Core/Src/main.o
 .debug_macro   0x0000000000000e62       0xc1 ./Core/Src/main.o
 .debug_macro   0x0000000000000f23      0x303 ./Core/Src/main.o
 .debug_macro   0x0000000000001226      0x2f7 ./Core/Src/main.o
 .debug_macro   0x000000000000151d      0x12d ./Core/Src/main.o
 .debug_macro   0x000000000000164a       0x6a ./Core/Src/main.o
 .debug_macro   0x00000000000016b4       0x10 ./Core/Src/main.o
 .debug_macro   0x00000000000016c4       0x1c ./Core/Src/main.o
 .debug_macro   0x00000000000016e0       0x61 ./Core/Src/main.o
 .debug_macro   0x0000000000001741       0x24 ./Core/Src/main.o
 .debug_macro   0x0000000000001765       0x43 ./Core/Src/main.o
 .debug_macro   0x00000000000017a8       0x34 ./Core/Src/main.o
 .debug_macro   0x00000000000017dc       0x16 ./Core/Src/main.o
 .debug_macro   0x00000000000017f2       0x97 ./Core/Src/main.o
 .debug_macro   0x0000000000001889      0x369 ./Core/Src/main.o
 .debug_macro   0x0000000000001bf2       0xfd ./Core/Src/main.o
 .debug_macro   0x0000000000001cef       0x10 ./Core/Src/main.o
 .debug_macro   0x0000000000001cff       0x16 ./Core/Src/main.o
 .debug_macro   0x0000000000001d15       0x43 ./Core/Src/main.o
 .debug_macro   0x0000000000001d58       0x34 ./Core/Src/main.o
 .debug_macro   0x0000000000001d8c       0x10 ./Core/Src/main.o
 .debug_macro   0x0000000000001d9c       0x58 ./Core/Src/main.o
 .debug_macro   0x0000000000001df4       0x8e ./Core/Src/main.o
 .debug_macro   0x0000000000001e82       0x1c ./Core/Src/main.o
 .debug_macro   0x0000000000001e9e      0x177 ./Core/Src/main.o
 .debug_macro   0x0000000000002015       0x16 ./Core/Src/main.o
 .debug_macro   0x000000000000202b       0x16 ./Core/Src/main.o
 .debug_macro   0x0000000000002041      0x147 ./Core/Src/main.o
 .debug_macro   0x0000000000002188       0xdd ./Core/Src/motor.o
 .debug_macro   0x0000000000002265      0x146 ./Core/Src/stm32l0xx_it.o
 .debug_macro   0x00000000000023ab       0xde ./Core/Src/stm32l0xx_it.o
 .debug_macro   0x0000000000002489       0xc4 ./Core/Src/system_stm32l0xx.o
 .debug_macro   0x000000000000254d       0xce ./Core/Src/timer.o
 .debug_macro   0x000000000000261b       0xe7 ./Core/Src/ultrasonic.o

.debug_line     0x0000000000000000     0x31a1
 .debug_line    0x0000000000000000      0x550 ./Core/Src/gpio.o
 .debug_line    0x0000000000000550      0x55e ./Core/Src/led_rgb.o
 .debug_line    0x0000000000000aae      0xa1f ./Core/Src/main.o
 .debug_line    0x00000000000014cd      0x55e ./Core/Src/motor.o
 .debug_line    0x0000000000001a2b      0x67e ./Core/Src/stm32l0xx_it.o
 .debug_line    0x00000000000020a9      0x5a1 ./Core/Src/system_stm32l0xx.o
 .debug_line    0x000000000000264a      0x54f ./Core/Src/timer.o
 .debug_line    0x0000000000002b99      0x58d ./Core/Src/ultrasonic.o
 .debug_line    0x0000000000003126       0x7b ./Core/Startup/startup_stm32l053r8tx.o

.debug_str      0x0000000000000000    0x4887d
 .debug_str     0x0000000000000000    0x3d134 ./Core/Src/gpio.o
                                      0x3d31f (size before relaxing)
 .debug_str     0x000000000003d134       0x99 ./Core/Src/led_rgb.o
                                      0x3d2de (size before relaxing)
 .debug_str     0x000000000003d1cd     0xb49a ./Core/Src/main.o
                                      0x48884 (size before relaxing)
 .debug_str     0x0000000000048667       0x14 ./Core/Src/motor.o
                                      0x3d2e1 (size before relaxing)
 .debug_str     0x000000000004867b       0x76 ./Core/Src/stm32l0xx_it.o
                                      0x44a23 (size before relaxing)
 .debug_str     0x00000000000486f1       0x89 ./Core/Src/system_stm32l0xx.o
                                      0x3d325 (size before relaxing)
 .debug_str     0x000000000004877a       0x9b ./Core/Src/timer.o
                                      0x3d31e (size before relaxing)
 .debug_str     0x0000000000048815       0x34 ./Core/Src/ultrasonic.o
                                      0x3d327 (size before relaxing)
 .debug_str     0x0000000000048849       0x34 ./Core/Startup/startup_stm32l053r8tx.o
                                         0x6e (size before relaxing)

.debug_frame    0x0000000000000000      0x7ac
 .debug_frame   0x0000000000000000       0x8c ./Core/Src/gpio.o
 .debug_frame   0x000000000000008c       0x9c ./Core/Src/led_rgb.o
 .debug_frame   0x0000000000000128      0x214 ./Core/Src/main.o
 .debug_frame   0x000000000000033c       0x9c ./Core/Src/motor.o
 .debug_frame   0x00000000000003d8       0x9c ./Core/Src/stm32l0xx_it.o
 .debug_frame   0x0000000000000474       0x4c ./Core/Src/system_stm32l0xx.o
 .debug_frame   0x00000000000004c0       0x80 ./Core/Src/timer.o
 .debug_frame   0x0000000000000540       0x4c ./Core/Src/ultrasonic.o
 .debug_frame   0x000000000000058c       0x2c D:/STM32CubeIDE_1.14.1/STM32CubeIDE/plugins/com.st.stm32cube.ide.mcu.externaltools.gnu-tools-for-stm32.11.3.rel1.win32_1.1.100.202309141235/tools/bin/../lib/gcc/arm-none-eabi/11.3.1/../../../../arm-none-eabi/lib/thumb/v6-m/nofp\libc_nano.a(libc_a-init.o)
 .debug_frame   0x00000000000005b8       0x20 D:/STM32CubeIDE_1.14.1/STM32CubeIDE/plugins/com.st.stm32cube.ide.mcu.externaltools.gnu-tools-for-stm32.11.3.rel1.win32_1.1.100.202309141235/tools/bin/../lib/gcc/arm-none-eabi/11.3.1/thumb/v6-m/nofp\libgcc.a(_udivsi3.o)
 .debug_frame   0x00000000000005d8       0x2c D:/STM32CubeIDE_1.14.1/STM32CubeIDE/plugins/com.st.stm32cube.ide.mcu.externaltools.gnu-tools-for-stm32.11.3.rel1.win32_1.1.100.202309141235/tools/bin/../lib/gcc/arm-none-eabi/11.3.1/thumb/v6-m/nofp\libgcc.a(_fixunsdfsi.o)
 .debug_frame   0x0000000000000604       0x3c D:/STM32CubeIDE_1.14.1/STM32CubeIDE/plugins/com.st.stm32cube.ide.mcu.externaltools.gnu-tools-for-stm32.11.3.rel1.win32_1.1.100.202309141235/tools/bin/../lib/gcc/arm-none-eabi/11.3.1/thumb/v6-m/nofp\libgcc.a(divdf3.o)
 .debug_frame   0x0000000000000640       0x3c D:/STM32CubeIDE_1.14.1/STM32CubeIDE/plugins/com.st.stm32cube.ide.mcu.externaltools.gnu-tools-for-stm32.11.3.rel1.win32_1.1.100.202309141235/tools/bin/../lib/gcc/arm-none-eabi/11.3.1/thumb/v6-m/nofp\libgcc.a(muldf3.o)
 .debug_frame   0x000000000000067c       0x3c D:/STM32CubeIDE_1.14.1/STM32CubeIDE/plugins/com.st.stm32cube.ide.mcu.externaltools.gnu-tools-for-stm32.11.3.rel1.win32_1.1.100.202309141235/tools/bin/../lib/gcc/arm-none-eabi/11.3.1/thumb/v6-m/nofp\libgcc.a(subdf3.o)
 .debug_frame   0x00000000000006b8       0x2c D:/STM32CubeIDE_1.14.1/STM32CubeIDE/plugins/com.st.stm32cube.ide.mcu.externaltools.gnu-tools-for-stm32.11.3.rel1.win32_1.1.100.202309141235/tools/bin/../lib/gcc/arm-none-eabi/11.3.1/thumb/v6-m/nofp\libgcc.a(fixdfsi.o)
 .debug_frame   0x00000000000006e4       0x28 D:/STM32CubeIDE_1.14.1/STM32CubeIDE/plugins/com.st.stm32cube.ide.mcu.externaltools.gnu-tools-for-stm32.11.3.rel1.win32_1.1.100.202309141235/tools/bin/../lib/gcc/arm-none-eabi/11.3.1/thumb/v6-m/nofp\libgcc.a(floatunsidf.o)
 .debug_frame   0x000000000000070c       0x38 D:/STM32CubeIDE_1.14.1/STM32CubeIDE/plugins/com.st.stm32cube.ide.mcu.externaltools.gnu-tools-for-stm32.11.3.rel1.win32_1.1.100.202309141235/tools/bin/../lib/gcc/arm-none-eabi/11.3.1/thumb/v6-m/nofp\libgcc.a(eqdf2.o)
 .debug_frame   0x0000000000000744       0x34 D:/STM32CubeIDE_1.14.1/STM32CubeIDE/plugins/com.st.stm32cube.ide.mcu.externaltools.gnu-tools-for-stm32.11.3.rel1.win32_1.1.100.202309141235/tools/bin/../lib/gcc/arm-none-eabi/11.3.1/thumb/v6-m/nofp\libgcc.a(gedf2.o)
 .debug_frame   0x0000000000000778       0x34 D:/STM32CubeIDE_1.14.1/STM32CubeIDE/plugins/com.st.stm32cube.ide.mcu.externaltools.gnu-tools-for-stm32.11.3.rel1.win32_1.1.100.202309141235/tools/bin/../lib/gcc/arm-none-eabi/11.3.1/thumb/v6-m/nofp\libgcc.a(ledf2.o)

.debug_line_str
                0x0000000000000000       0x62
 .debug_line_str
                0x0000000000000000       0x62 ./Core/Startup/startup_stm32l053r8tx.o
                                         0x7a (size before relaxing)
